Starting OrangeFox Recovery R11.1 [core: R11.1] (built on Mon May 17 14:44:23 2021 for daisy [dev_ver: 2021-05-14 (95201449)]; pid 399)
RECOVERY_SDCARD_ON_DATA := true
TW_NO_USB_STORAGE := true
TW_INCLUDE_CRYPTO := true
I:TW_BRIGHTNESS_PATH := /sys/class/leds/lcd-backlight/brightness
I:Found brightness file at '/sys/class/leds/lcd-backlight/brightness'
I:TWFunc::Set_Brightness: Setting brightness control to 100
I:LANG: en
I:AB_OTA_UPDATER := true
Starting the UI...
setting DRM_FORMAT_RGBX8888 and GGL_PIXEL_FORMAT_RGBX_8888
cannot find/open a drm device: No such file or directory
fb0 reports (possibly inaccurate):
  vi.bits_per_pixel = 32
  vi.red.offset   =   0   .length =   8
  vi.green.offset =   8   .length =   8
  vi.blue.offset  =  16   .length =   8
setting GGL_PIXEL_FORMAT_RGBA_8888
double buffered
framebuffer: 0 (1080 x 2280)
Using fbdev graphics.
I:TWFunc::Set_Brightness: Setting brightness control to 100
TW_SCREEN_BLANK_ON_BOOT := true
I:TWFunc::Set_Brightness: Setting brightness control to 0
I:TWFunc::Set_Brightness: Setting brightness control to 100
I:Loading package: splash (/twres/splash.xml)
I:Load XML directly
I:PageManager::LoadFileToBuffer loading filename: '/twres/splash.xml' directly
I:Checking resolution...
I:Loading resources...
I:Loading variables...
I:Loading pages...
I:Loading page splash
I:Switching packages (splash)
=> Linking mtab
I:Setting active slot B
=> Processing /etc/twrp.fstab for SAR-detection
I:Reading /etc/twrp.fstab
I:Done processing fstab files
I:FOX-SAR-DETECT: SAR System detected
=> Processing /etc/twrp.fstab
I:Reading /etc/twrp.fstab
I:Processing '/boot'
I:Processing '/system_image'
I:Processing '/vendor_image'
I:Processing '/system'
I:Created '/system' folder.
I:Processing '/vendor'
I:Processing '/data'
I:Processing '/storage'
I:Processing '/persist'
I:Attempt to load settings from /persist settings file...
I:InfoManager loading from '/persist/.foxs'.
I:TWFunc::Set_Brightness: Setting brightness control to 100
I:PassBak: Found backup
I:TWFunc::Fixup_Time: Pre-fix date and time: 1970-01-16--04-37-02
I:TWFunc::Fixup_Time: Setting time offset from file /sys/class/rtc/rtc0/since_epoch
I:Cannot find file /persist/.fox_epoch_drift.cfg
I:TWFunc::Fixup_Time: Wrong date and time epoch in /sys/class/rtc/rtc0/since_epoch
I:TWFunc::Fixup_Time: will attempt to use the ats files now.
I:TWFunc::Fixup_Time: Setting time offset from file /persist/time/ats_2, offset 1788002935747
I:TWFunc::Fixup_Time: Date and time corrected: 2026-09-13--16-05-57
I:Processing '/persist_image'
I:Processing '/splash'
I:Processing '/misc'
I:Processing '/modem'
I:Processing '/firmware'
I:Processing '/efs1'
I:Processing '/efs2'
I:Processing '/usb_otg'
I:Created '/usb_otg' folder.
I:Processing '/sdcard1'
I:Created '/sdcard1' folder.
I:Done processing fstab files
I:Setting up '/data' as data/media emulated storage.
I:Process ended with no errors.
I:Process ended with no errors.
I:File Based Encryption is present
e4crypt_initialize_global_de
Determining wrapped-key support for /data
fbe.data.wrappedkey = false
calling retrieveAndInstallKey
Key exists, using: /data/unencrypted/key
Using Keymaster HAL: 3 from QTI for encryption.  Security level: TRUSTED_ENVIRONMENT, HAL: android.hardware.keymaster@3.0::IKeymasterDevice/default
Determining wrapped-key support for /data
fbe.data.wrappedkey = false
Added key 703758239 (ext4:c283a6727023025c) to keyring 475814497 in process 399
Added key 254290430 (f2fs:c283a6727023025c) to keyring 475814497 in process 399
Added key 623266056 (fscrypt:c283a6727023025c) to keyring 475814497 in process 399
contents mode 'aes-256-xts' filenames 'aes-256-heh'
Wrote system DE key reference to:/data/unencrypted/ref
e4crypt_init_user0
Preparing: /data/misc/vold/user_keys
Preparing: /data/misc/vold/user_keys/ce
Preparing: /data/misc/vold/user_keys/de
Using Keymaster HAL: 3 from QTI for encryption.  Security level: TRUSTED_ENVIRONMENT, HAL: android.hardware.keymaster@3.0::IKeymasterDevice/default
Determining wrapped-key support for /data
fbe.data.wrappedkey = false
Determining wrapped-key support for /data
fbe.data.wrappedkey = false
Added key 217912820 (ext4:629229c0f8a03394) to keyring 475814497 in process 399
Added key 1022688626 (f2fs:629229c0f8a03394) to keyring 475814497 in process 399
Added key 857934525 (fscrypt:629229c0f8a03394) to keyring 475814497 in process 399
Installed de key for user 0
Skipping non-de-key .
Skipping non-de-key ..
e4crypt_prepare_user_storage for volume null, user 0, serial 0, flags 1
Preparing: /data/system/users/0
Preparing: /data/misc/profiles/cur/0
Preparing: /data/system_de/0
Preparing: /data/misc_de/0
Preparing: /data/vendor_de/0
Preparing: /data/user_de/0
contents mode 'aes-256-xts' filenames 'aes-256-heh'
not actually forking for vold_prepare_subdirs
Using synthetic password method
Handle is '5c88afc0f382bd1c'
I:Backup folder set to '/data/media/0/Fox/BACKUPS/03bb882f0405'
I:Settings storage is '/data/media/0'
Updating partition details...
I:Data backup size is 5023MB, free: 16638MB.
I:Can't probe device /data/media/0
I:Unable to mount '/usb_otg'
I:Actual block device: '', current file system: 'auto'
...done
I:Unmounting main partitions...


Partition Logs:
/boot | /dev/block/bootdevice/by-name/boot_b | Size: 64MB
   Flags: Can_Be_Backed_Up IsPresent Can_Flash_Img SlotSelect 
   Primary_Block_Device: /dev/block/bootdevice/by-name/boot
   Display_Name: Boot
   Storage_Name: boot
   Backup_Path: /boot
   Backup_Name: boot
   Backup_Display_Name: Boot
   Storage_Path: /boot
   Current_File_System: emmc
   Fstab_File_System: emmc
   Backup_Method: dd

/system_image | /dev/block/bootdevice/by-name/system_b | Size: 2560MB
   Flags: Can_Be_Backed_Up IsPresent Can_Flash_Img SlotSelect 
   Primary_Block_Device: /dev/block/bootdevice/by-name/system
   Display_Name: System_Image
   Storage_Name: System_Image
   Backup_Path: /system_image
   Backup_Name: system_image
   Backup_Display_Name: System_Image
   Storage_Path: /system_image
   Current_File_System: emmc
   Fstab_File_System: emmc
   Backup_Method: dd

/vendor_image | /dev/block/bootdevice/by-name/vendor_b | Size: 768MB
   Flags: Can_Be_Backed_Up IsPresent Can_Flash_Img SlotSelect 
   Primary_Block_Device: /dev/block/bootdevice/by-name/vendor
   Display_Name: Vendor_Image
   Storage_Name: Vendor_Image
   Backup_Path: /vendor_image
   Backup_Name: vendor_image
   Backup_Display_Name: Vendor_Image
   Storage_Path: /vendor_image
   Current_File_System: emmc
   Fstab_File_System: emmc
   Backup_Method: dd

/system_root | /dev/block/bootdevice/by-name/system_b | Size: 2519MB Used: 1669MB Free: 850MB Backup Size: 1669MB
   Flags: Can_Be_Mounted Can_Be_Wiped Can_Be_Backed_Up Wipe_Available_in_GUI IsPresent SlotSelect Mount_Read_Only 
   Primary_Block_Device: /dev/block/bootdevice/by-name/system
   Display_Name: System
   Storage_Name: System
   Backup_Path: /system_root
   Backup_Name: system
   Backup_Display_Name: System
   Storage_Path: /system_root
   Current_File_System: ext4
   Fstab_File_System: ext4
   Backup_Method: files

/vendor | /dev/block/bootdevice/by-name/vendor_b | Size: 755MB Used: 357MB Free: 398MB Backup Size: 357MB
   Flags: Can_Be_Mounted Can_Be_Wiped Can_Be_Backed_Up IsPresent SlotSelect Mount_Read_Only 
   Primary_Block_Device: /dev/block/bootdevice/by-name/vendor
   Display_Name: Vendor
   Storage_Name: Vendor
   Backup_Path: /vendor
   Backup_Name: vendor
   Backup_Display_Name: Vendor
   Storage_Path: /vendor
   Current_File_System: ext4
   Fstab_File_System: ext4
   Backup_Method: files

/data | /dev/block/bootdevice/by-name/userdata | Size: 21935MB Used: 5023MB Free: 16638MB Backup Size: 5023MB
   Flags: Can_Be_Mounted Can_Be_Wiped Can_Be_Backed_Up Wipe_During_Factory_Reset Wipe_Available_in_GUI IsPresent Can_Be_Encrypted Is_Encrypted Has_Data_Media Can_Encrypt_Backup Use_Userdata_Encryption Is_Storage Is_Settings_Storage 
   Symlink_Path: /data/media/0
   Symlink_Mount_Point: /sdcard
   Primary_Block_Device: /dev/block/bootdevice/by-name/userdata
   Display_Name: Data
   Storage_Name: Internal Storage
   Backup_Path: /data
   Backup_Name: data
   Backup_Display_Name: Data
   Storage_Path: /data/media/0
   Current_File_System: ext4
   Fstab_File_System: ext4
   Backup_Method: files
   MTP_Storage_ID: 65537

/storage | /data/media/0 | Size: 21935MB Used: 5296MB Free: 16638MB Backup Size: 5296MB
   Flags: Can_Be_Mounted Can_Be_Wiped Use_Rm_Rf Can_Be_Backed_Up Removable IsPresent 
   Primary_Block_Device: /data/media/0
   Display_Name: Internal Storage
   Storage_Name: Internal Storage
   Backup_Path: /storage
   Backup_Name: storage
   Backup_Display_Name: Internal Storage
   Storage_Path: /storage
   Current_File_System: ext4
   Fstab_File_System: ext4
   Backup_Method: files
   Mount_Flags: 4096, Mount_Options: 

/persist | /dev/block/bootdevice/by-name/persist | Size: 27MB Used: 0MB Free: 26MB Backup Size: 0MB
   Flags: Can_Be_Mounted Can_Be_Wiped IsPresent 
   Primary_Block_Device: /dev/block/bootdevice/by-name/persist
   Display_Name: Persist
   Storage_Name: Persist
   Backup_Path: /persist
   Backup_Name: persist
   Backup_Display_Name: Persist
   Storage_Path: /persist
   Current_File_System: ext4
   Fstab_File_System: ext4
   Backup_Method: files

/persist_image | /dev/block/bootdevice/by-name/persist | Size: 32MB
   Flags: Can_Be_Backed_Up IsPresent Can_Flash_Img 
   Primary_Block_Device: /dev/block/bootdevice/by-name/persist
   Display_Name: Persist_Image
   Storage_Name: Persist_Image
   Backup_Path: /persist_image
   Backup_Name: persist_image
   Backup_Display_Name: Persist_Image
   Storage_Path: /persist_image
   Current_File_System: emmc
   Fstab_File_System: emmc
   Backup_Method: dd

/splash | /dev/block/bootdevice/by-name/splash | Size: 16MB
   Flags: Can_Be_Backed_Up IsPresent Can_Flash_Img 
   Primary_Block_Device: /dev/block/bootdevice/by-name/splash
   Display_Name: Splash Image
   Storage_Name: Splash Image
   Backup_Path: /splash
   Backup_Name: splash
   Backup_Display_Name: Splash Image
   Storage_Path: /splash
   Current_File_System: emmc
   Fstab_File_System: emmc
   Backup_Method: dd

/misc | /dev/block/bootdevice/by-name/misc | Size: 1MB
   Flags: IsPresent 
   Primary_Block_Device: /dev/block/bootdevice/by-name/misc
   Display_Name: misc
   Storage_Name: misc
   Backup_Path: /misc
   Backup_Name: misc
   Backup_Display_Name: misc
   Storage_Path: /misc
   Current_File_System: emmc
   Fstab_File_System: emmc
   Backup_Method: dd

/modem | /dev/block/bootdevice/by-name/modem_b | Size: 128MB
   Flags: Can_Be_Backed_Up IsPresent Can_Flash_Img SlotSelect 
   Primary_Block_Device: /dev/block/bootdevice/by-name/modem
   Display_Name: Modem
   Storage_Name: Modem
   Backup_Path: /modem
   Backup_Name: modem
   Backup_Display_Name: Modem
   Storage_Path: /modem
   Current_File_System: emmc
   Fstab_File_System: emmc
   Backup_Method: dd

/firmware | /dev/block/bootdevice/by-name/modem_b | Size: 127MB Used: 86MB Free: 41MB Backup Size: 86MB
   Flags: Can_Be_Mounted Can_Be_Wiped Can_Be_Backed_Up IsPresent Mount_To_Decrypt SlotSelect 
   Primary_Block_Device: /dev/block/bootdevice/by-name/modem
   Display_Name: Firmware
   Storage_Name: Firmware
   Backup_Path: /firmware
   Backup_Name: firmware
   Backup_Display_Name: Firmware
   Storage_Path: /firmware
   Current_File_System: vfat
   Fstab_File_System: vfat
   Backup_Method: files
   Mount_Flags: 0, Mount_Options: context=u:object_r:firmware_file:s0

/efs1 | /dev/block/bootdevice/by-name/modemst1 | Size: 8MB
   Flags: Can_Be_Backed_Up Has_SubPartition IsPresent Can_Flash_Img 
   Primary_Block_Device: /dev/block/bootdevice/by-name/modemst1
   Display_Name: EFS
   Storage_Name: EFS
   Backup_Path: /efs1
   Backup_Name: efs1
   Backup_Display_Name: EFS
   Storage_Path: /efs1
   Current_File_System: emmc
   Fstab_File_System: emmc
   Backup_Method: dd

/efs2 | /dev/block/bootdevice/by-name/modemst2 | Size: 8MB
   Flags: Can_Be_Backed_Up Is_SubPartition IsPresent Can_Flash_Img 
   SubPartition_Of: /efs1
   Primary_Block_Device: /dev/block/bootdevice/by-name/modemst2
   Display_Name: efs2
   Storage_Name: efs2
   Backup_Path: /efs2
   Backup_Name: efs2
   Backup_Display_Name: efs2
   Storage_Path: /efs2
   Current_File_System: emmc
   Fstab_File_System: emmc
   Backup_Method: dd

/usb_otg |  | Size: 0MB Used: 0MB Free: 0MB Backup Size: 0MB
   Flags: Can_Be_Mounted Can_Be_Wiped Removable Is_Storage 
   Primary_Block_Device: /dev/block/sda1
   Alternate_Block_Device: /dev/block/sda
   Display_Name: USB-Storage
   Storage_Name: USB-Storage
   Backup_Path: /usb_otg
   Backup_Name: usb_otg
   Backup_Display_Name: USB-Storage
   Storage_Path: /usb_otg
   Current_File_System: auto
   Fstab_File_System: auto
   Backup_Method: files
   MTP_Storage_ID: 65538

/sdcard1 | /dev/block/mmcblk1p1 | Size: 29853MB Used: 18096MB Free: 11756MB Backup Size: 18096MB
   Flags: Can_Be_Mounted Can_Be_Wiped Wipe_Available_in_GUI Removable IsPresent Is_Storage 
   Primary_Block_Device: /dev/block/mmcblk1p1
   Alternate_Block_Device: /dev/block/mmcblk1
   Display_Name: MicroSD
   Storage_Name: MicroSD
   Backup_Path: /sdcard1
   Backup_Name: sdcard1
   Backup_Display_Name: MicroSD
   Storage_Path: /sdcard1
   Current_File_System: vfat
   Fstab_File_System: vfat
   Backup_Method: files
   MTP_Storage_ID: 65539

I:DEBUG: OrangeFox: running the startup script...
FOX_BUILD_DATE=Mon May 17 14:44:23 2021
DEBUG: OrangeFox: FOX_DEVICE=daisy
DEBUG: OrangeFox: FOX_KERNEL=4.9.337-DaisyForGaming
DEBUG: OrangeFox: SYSTEM_ROOT=1
DEBUG: OrangeFox: PROPER_SAR=1
DEBUG: OrangeFox: FOX_SCRIPT_DATE=20210314

DEBUG: OrangeFox: REALTREBLE=0
DEBUG: OrangeFox: ANDROID_SDK=30
DEBUG: OrangeFox: INCREMENTAL_VERSION=eng.link.20211219.105917
DEBUG: OrangeFox: BUILD_FLAVOR=lineage_daisy-user
DEBUG: OrangeFox: ROM_FINGERPRINT=google/coral/coral:12/SQ1A.211205.008/7888514:user/release-keys
DEBUG: OrangeFox: check for Treble.
DEBUG: OrangeFox: detected a Non-Treble ROM.
DEBUG: OrangeFox: check for MIUI.
DEBUG: OrangeFox: detected a Custom ROM.
I:Process ended with no errors.
I:- Using the ROM's fingerprint (google/coral/coral:12/SQ1A.211205.008/7888514:user/release-keys)
I:Process ended with no errors.
I: OrangeFox: Android 11+ ROM - removing the App Manager
I:Process ended with no errors.
I:Loading package: OrangeFox (/twres/ui.xml)
I:Load XML directly
I:PageManager::LoadFileToBuffer loading filename: '/twres/languages/zn_TW.xml' directly
I:PageManager::LoadFileToBuffer loading filename: '/twres/languages/zh_CH.xml' directly
I:PageManager::LoadFileToBuffer loading filename: '/twres/languages/vn.xml' directly
I:PageManager::LoadFileToBuffer loading filename: '/twres/languages/ua.xml' directly
I:PageManager::LoadFileToBuffer loading filename: '/twres/languages/tr.xml' directly
I:PageManager::LoadFileToBuffer loading filename: '/twres/languages/ru.xml' directly
I:PageManager::LoadFileToBuffer loading filename: '/twres/languages/ro.xml' directly
I:PageManager::LoadFileToBuffer loading filename: '/twres/languages/pl.xml' directly
I:PageManager::LoadFileToBuffer loading filename: '/twres/languages/it.xml' directly
I:PageManager::LoadFileToBuffer loading filename: '/twres/languages/id.xml' directly
I:PageManager::LoadFileToBuffer loading filename: '/twres/languages/hu.xml' directly
I:PageManager::LoadFileToBuffer loading filename: '/twres/languages/fr.xml' directly
I:PageManager::LoadFileToBuffer loading filename: '/twres/languages/es-ES.xml' directly
I:PageManager::LoadFileToBuffer loading filename: '/twres/languages/en.xml' directly
I:PageManager::LoadFileToBuffer loading filename: '/twres/languages/el.xml' directly
I:PageManager::LoadFileToBuffer loading filename: '/twres/languages/de.xml' directly
I:PageManager::LoadFileToBuffer loading filename: '/twres/languages/cs.xml' directly
I:PageManager::LoadFileToBuffer loading filename: '/twres/languages/en.xml' directly
parsing languageFile
parsing languageFile done
I:PageManager::LoadFileToBuffer loading filename: '/twres/ui.xml' directly
I:Checking resolution...
I:Loading resources...
I:Loading variables...
I:Loading pages...
I:Including file: /sdcard/Fox/.navbar/navbar.xml...
I:PageManager::LoadFileToBuffer loading filename: '/sdcard/Fox/.navbar/navbar.xml' directly
I:PageManager::LoadFileToBuffer loading filename: '/twres/themes/navbar.xml' directly
I:Loading resources...
I:Loading variables...
I:Loading pages...
I:Including file: /sdcard/Fox/.theme/font.xml...
I:PageManager::LoadFileToBuffer loading filename: '/sdcard/Fox/.theme/font.xml' directly
I:PageManager::LoadFileToBuffer loading filename: '/twres/themes/font.xml' directly
I:Loading resources...
I:Loading variables...
I:Loading pages...
I:Including file: /sdcard/Fox/.theme/style.xml...
I:PageManager::LoadFileToBuffer loading filename: '/sdcard/Fox/.theme/style.xml' directly
I:PageManager::LoadFileToBuffer loading filename: '/twres/themes/style.xml' directly
I:Loading resources...
I:Failed to load image from Default/Progress/indeterminate033, error -1
I:Loading variables...
I:Loading pages...
I:Including file: /sdcard/Fox/.theme/accent.xml...
I:PageManager::LoadFileToBuffer loading filename: '/sdcard/Fox/.theme/accent.xml' directly
I:PageManager::LoadFileToBuffer loading filename: '/twres/themes/accent.xml' directly
I:Loading resources...
I:Loading variables...
I:Loading pages...
I:Including file: /sdcard/Fox/.theme/action.xml...
I:PageManager::LoadFileToBuffer loading filename: '/sdcard/Fox/.theme/action.xml' directly
I:PageManager::LoadFileToBuffer loading filename: '/twres/themes/action.xml' directly
I:Loading resources...
I:Loading variables...
I:Loading pages...
I:Including file: /twres/resources/images.xml...
I:PageManager::LoadFileToBuffer loading filename: '/twres/resources/images.xml' directly
I:Loading resources...
I:Loading variables...
I:Loading pages...
I:Including file: /twres/resources/vars.xml...
I:PageManager::LoadFileToBuffer loading filename: '/twres/resources/vars.xml' directly
I:Loading resources...
I:Loading variables...
I:Loading pages...
I:Including file: /twres/resources/styles.xml...
I:PageManager::LoadFileToBuffer loading filename: '/twres/resources/styles.xml' directly
I:Loading resources...
I:Loading variables...
I:Loading pages...
I:Including file: /twres/pages/templates/base.xml...
I:PageManager::LoadFileToBuffer loading filename: '/twres/pages/templates/base.xml' directly
I:Loading resources...
I:Loading variables...
I:Loading pages...
I:Including file: /twres/pages/templates/keyboard.xml...
I:PageManager::LoadFileToBuffer loading filename: '/twres/pages/templates/keyboard.xml' directly
I:Loading resources...
I:Loading variables...
I:Loading pages...
I:Including file: /twres/pages/templates/navbar.xml...
I:PageManager::LoadFileToBuffer loading filename: '/twres/pages/templates/navbar.xml' directly
I:Loading resources...
I:Loading variables...
I:Loading pages...
I:Including file: /twres/pages/templates/statusbar.xml...
I:PageManager::LoadFileToBuffer loading filename: '/twres/pages/templates/statusbar.xml' directly
I:Loading resources...
I:Loading variables...
I:Loading pages...
I:Including file: /twres/pages/templates/templates.xml...
I:PageManager::LoadFileToBuffer loading filename: '/twres/pages/templates/templates.xml' directly
I:Loading resources...
I:Loading variables...
I:Loading pages...
I:Including file: /twres/pages/main.xml...
I:PageManager::LoadFileToBuffer loading filename: '/twres/pages/main.xml' directly
I:Loading resources...
I:Loading variables...
I:Loading pages...
I:Loading page main
I:Loading page navbar
I:Loading page welcome
I:Loading page aroma_busy
I:Including file: /twres/pages/pass.xml...
I:PageManager::LoadFileToBuffer loading filename: '/twres/pages/pass.xml' directly
I:Loading resources...
I:Loading variables...
I:Loading pages...
I:Loading page password_enter
I:Loading page password_enter_num
I:Loading page password_enter_pattern
I:Loading page password_check
I:Loading page pass_pattern
I:Loading page pass_pattern_2
I:Loading page pass_text
I:Loading page pass_text_2
I:Loading page pass_pin
I:Loading page pass_pin_2
I:Loading page pass_remove
I:Loading page pass_check
I:Including file: /twres/pages/install.xml...
I:PageManager::LoadFileToBuffer loading filename: '/twres/pages/install.xml' directly
I:Loading resources...
I:Loading variables...
I:Loading pages...
I:Loading page flash_confirm
I:Loading page fox_modules_confirm
I:Loading page queueview
I:Loading page flash_image_confirm
I:Loading page flash_image_ab
I:Loading page add_zip
I:Loading page flash_zip
I:Loading page flash_image
I:Loading page flash_done
I:Loading page flash_sleep_and_reboot
I:Loading page flash_image_done
I:Including file: /twres/pages/wipe.xml...
I:PageManager::LoadFileToBuffer loading filename: '/twres/pages/wipe.xml' directly
I:Loading resources...
I:Loading variables...
I:Loading pages...
I:Loading page wipe
I:Loading page formatdata
I:Loading page formatdata_confirm
I:Loading page wipe_confirm_action
I:Loading page wipe_action_page
I:Loading page wipe_action_complete
I:Loading page checkpartitionlist
I:Loading page partitionoptions
I:Loading page refreshfilesystem
I:Loading page selectfilesystem
I:Loading page part_options
I:Including file: /twres/pages/backup.xml...
I:PageManager::LoadFileToBuffer loading filename: '/twres/pages/backup.xml' directly
I:Loading resources...
I:Loading variables...
I:Loading pages...
I:Loading page backup
I:Loading page check_storage_back
I:Loading page backup_prep
I:Loading page backupname
I:Loading page backupname_auto
I:Loading page backup_encryption
I:Loading page backup_encryption2
I:Loading page checkbackuppassword
I:Loading page checkbackuppassword2
I:Loading page backup_run
I:Loading page backup_digest
I:Loading page backup_action_complete
I:Including file: /twres/pages/restore.xml...
I:PageManager::LoadFileToBuffer loading filename: '/twres/pages/restore.xml' directly
I:Loading resources...
I:Loading variables...
I:Loading pages...
I:Loading page restore
I:Loading page restore_prep
I:Loading page restore_read
I:Loading page restore_decrypt
I:Loading page try_restore_decrypt
I:Loading page restore_select
I:Loading page renamebackup
I:Loading page deletebackup
I:Loading page restore_run
I:Loading page restore_confirm_action
I:Loading page restore_action_page
I:Loading page restore_action_complete
I:Including file: /twres/pages/mount.xml...
I:PageManager::LoadFileToBuffer loading filename: '/twres/pages/mount.xml' directly
I:Loading resources...
I:Loading variables...
I:Loading pages...
I:Loading page mount
I:Loading page usb_mount
I:Loading page system_readonly_check
I:Loading page system_readonly
I:Loading page system_readonly_mount
I:Loading page decrypt
I:Loading page decrypt_pin
I:Loading page decrypt_pattern
I:Loading page decrypt_redirect
I:Loading page trydecrypt
I:Loading page reapply_settings
I:Including file: /twres/pages/files.xml...
I:PageManager::LoadFileToBuffer loading filename: '/twres/pages/files.xml' directly
I:Loading resources...
I:Loading variables...
I:Loading pages...
I:Loading page filemanagerlist
I:Loading page file_quick_actions
I:Loading page file_quick_actions_dark
I:Loading page select_path
I:Loading page select_path_dark
I:Loading page files_mkdir
I:Loading page fm_multiselection
I:Loading page fm_ms_actions
I:Loading page file_search
I:Loading page file_dark_search
I:Loading page files_redirect
I:Loading page files_bookmarks_prepare
I:Loading page files_bookmarks
I:Loading page filemanageroptions
I:Loading page openas
I:Loading page fm_file_checksum
I:Loading page fm_file_checksum_calc
I:Loading page fm_file_info
I:Loading page choosedestinationfolder
I:Loading page filemanagerrenamefile
I:Loading page filemanagerrenamefolder
I:Loading page filemanagerchmod
I:Loading page filemanagerchmod_key
I:Loading page filemanagerconfirm
I:Loading page archive_confirm
I:Loading page archive_cmd
I:Loading page filemanageraction
I:Loading page filemanagercomplete
I:Loading page cat_file
I:Including file: /twres/pages/magisk.xml...
I:PageManager::LoadFileToBuffer loading filename: '/twres/pages/magisk.xml' directly
I:Loading resources...
I:Loading variables...
I:Loading pages...
I:Loading page magisk_mount
I:Loading page magisk
I:Loading page magisk_actions
I:Loading page magisk_delete
I:Including file: /twres/pages/advanced.xml...
I:PageManager::LoadFileToBuffer loading filename: '/twres/pages/advanced.xml' directly
I:Loading resources...
I:Loading variables...
I:Loading pages...
I:Loading page advanced
I:Loading page mod_magisk
I:Loading page mod_unmagisk
I:Loading page mod_reset
I:Loading page mod_pass
I:Loading page fox_modules
I:Loading page partsdcard
I:Loading page htcdumlock
I:Loading page terminal
I:Loading page sideload
I:Loading page fixcontexts
I:Loading page apps_load
I:Loading page apps_list
I:Unable to open '/tmp/listapps/list'
I:Unable to open '/tmp/listapps/list'
I:Including file: /twres/pages/reboot.xml...
I:PageManager::LoadFileToBuffer loading filename: '/twres/pages/reboot.xml' directly
I:Loading resources...
I:Loading variables...
I:Loading pages...
I:Loading page reboot
I:Loading page set_slot
I:Including file: /twres/pages/settings.xml...
I:PageManager::LoadFileToBuffer loading filename: '/twres/pages/settings.xml' directly
I:Loading resources...
I:Loading variables...
I:Loading pages...
I:Loading page settings
I:Loading page ext_general
I:Loading page pass_select
I:Loading page ext_screen
I:Loading page ext_vibrate
I:Loading page ext_backup
I:Loading page ext_time
I:Loading page ext_time_offset
I:Loading page check_zone
I:Loading page ext_time_lang
I:Loading page ext_time_lang_busy
I:Loading page about
I:Loading page about_credits
I:Parsing file: /twres/credits.txt
I:Parsing file: /twres/translators.txt
I:Parsing file: /twres/changelog.txt
I:Loading page ext_gov
I:Loading page ext_backup_quick
I:Including file: /twres/pages/universal.xml...
I:PageManager::LoadFileToBuffer loading filename: '/twres/pages/universal.xml' directly
I:Loading resources...
I:Loading variables...
I:Loading pages...
I:Loading page filecheck
I:Loading page rebootcheck
I:Loading page rebootcheckoverlay
I:Loading page no_os_warning
I:Loading page clear_vars
I:Loading page confirm_action
I:Loading page action_page
I:Loading page ota_simple
I:Loading page singleaction_page
I:Loading page action_complete
I:Including file: /twres/pages/anywhere.xml...
I:PageManager::LoadFileToBuffer loading filename: '/twres/pages/anywhere.xml' directly
I:Loading resources...
I:Loading variables...
I:Loading pages...
I:Loading page lock
I:Loading page console
I:Including file: /twres/pages/dialogs.xml...
I:PageManager::LoadFileToBuffer loading filename: '/twres/pages/dialogs.xml' directly
I:Loading resources...
I:Loading variables...
I:Loading pages...
I:Loading page menu
I:Loading page menu_sort
I:Loading page fm_sort
I:Loading page dialog_magisk_not_found
I:Loading page dialog_reset_average
I:Loading page dialog_lost_info
I:Loading page dialog_app
I:Loading page dialog_error_partition
I:Loading page pass_error
I:Including file: /twres/pages/customization.xml...
I:PageManager::LoadFileToBuffer loading filename: '/twres/pages/customization.xml' directly
I:Loading resources...
I:Loading variables...
I:Loading pages...
I:Loading page ext_custom_reset
I:Loading page ext_custom_gest
I:Loading page ext_custom
I:Loading page ext_custom_status
I:Loading page ext_custom_key
I:Loading page ext_custom_lock
I:Loading page ext_custom_nav
I:Loading page ext_custom_other
I:Loading page ext_custom_nav_error
I:Loading page ext_custom_nav_no_switch
I:Loading page ext_custom_fonts_check
I:Loading page ext_custom_fonts
I:Loading page ext_custom_fonts_sec
I:Loading page ext_custom_fonts_size
I:Loading page ext_custom_fonts_cn
I:Loading page ext_custom_theme
I:Loading page ext_custom_splash
I:Loading page ext_custom_splash_color
I:Loading page ext_custom_splash_logo
I:Loading page ext_custom_splash_select
I:Loading page apply_changes
I:Loading page apply_splash
I:Including file: /twres/pages/fox.xml...
I:PageManager::LoadFileToBuffer loading filename: '/twres/pages/fox.xml' directly
I:Loading resources...
I:Loading variables...
I:Loading pages...
I:Loading page fox_ota
I:Loading page fox_ota_lite
I:Loading page fox_lab
I:Loading page debug_pages
I:Loading page debug
I:Loading page debug_plus
I:Loading page scaling
I:Including file: /sbin/maintainer.xml...
I:PageManager::LoadFileToBuffer loading filename: '/sbin/maintainer.xml' directly
I:PageManager::LoadFileToBuffer loading filename: '/twres/pages/dummy.xml' directly
I:Loading resources...
I:Loading variables...
I:Loading pages...
I:Loading page maintainer
I:Set page: 'decrypt_pattern'
I:Switching packages (OrangeFox)
Boot command: boot-recovery
Startup Commands: 
ro.boottime.adbd=4862893851
ro.boottime.init=4349
ro.boottime.init.selinux=141
ro.boottime.init.cold_boot_wait=203
ro.boottime.logd=4831492289
ro.boottime.ueventd=4616337393
ro.boottime.recovery=4834887237
ro.boottime.prepdecrypt=6465604683
ro.boottime.sbinqseecomd=10021550724
ro.boottime.keymaster-3-0=10050633901
ro.boottime.gatekeeper-1-0=10051159109
ro.boottime.servicemanager=4830906091
ro.boottime.set_permissive=4834178382
ro.boottime.hwservicemanager=4830316403
ro.config.ringtone=omni_ringtone1.ogg,omni_ringtone1.ogg
ro.config.alarm_alert=omni_alarm1.ogg
ro.config.notification_sound=omni_notification1.ogg
dalvik.vm.isa.arm.variant=cortex-a53
dalvik.vm.isa.arm.features=default
dalvik.vm.isa.arm64.variant=generic
dalvik.vm.isa.arm64.features=default
dalvik.vm.lockprof.threshold=500
dalvik.vm.stack-trace-dir=/data/anr
dalvik.vm.image-dex2oat-filter=verify-at-runtime
debug.atrace.tags.enableflags=0
ro.art.hiddenapi.warning=1
ro.com.google.clientidbase=android-google
ro.com.android.wifi-watchlist=GoogleGuest
ro.opa.eligible_device=true
ro.url.legal=http://www.google.com/intl/%s/mobile/android/basic/phone-legal.html
ro.boot.emmc=true
ro.boot.baseband=msm
ro.boot.hardware=qcom
ro.boot.keymaster=1
ro.boot.bootdevice=7824900.sdhci
ro.boot.bootloader=MSM8953_DAISY2.0_20210630163634
ro.boot.secureboot=1
ro.boot.veritymode=enforcing
ro.boot.slot_suffix=_b
ro.boot.usbconfigfs=true
ro.boot.verifiedbootstate=green
ro.omni.device=daisy
ro.omni.version=9-20210517-daisy-HOMEMADE
ro.omni.version.security_patch=
ro.twrp.sar=true
ro.vndk.lite=true
ro.vndk.version=28
ro.wifi.channels=
ro.allow.mock.location=1
ro.build.id=PQ3B.190801.002
ro.build.date=Mon May 17 15:40:13 BST 2021
ro.build.date.utc=1510672800
ro.build.date.utc_fox=1621262663
ro.build.host=routerpc
ro.build.tags=test-keys
ro.build.type=eng
ro.build.user=router
ro.build.flavor=omni_daisy-eng
ro.build.display.id=omni_daisy-eng 16.1.0 PQ3B.190801.002 eng.router.20210517.154029 test-keys
ro.build.product=daisy
ro.build.selinux=1
ro.build.version.sdk=28
ro.build.version.base_os=
ro.build.version.release=11.0.0
ro.build.version.codename=REL
ro.build.version.incremental=eng.router.20210517.154029
ro.build.version.preview_sdk=0
ro.build.version.all_codenames=REL
ro.build.version.security_patch=2021-12-01
ro.build.version.min_supported_target_sdk=17
ro.build.ab_update=true
ro.build.description=omni_daisy-eng 16.1.0 PQ3B.190801.002 eng.router.20210517.154029 test-keys
ro.build.characteristics=default
ro.build.system_root_image=true
ro.bionic.ld.warning=1
ro.kernel.android.checkjni=1
ro.secure=0
ro.treble.enabled=false
ro.product.cpu.abi=arm64-v8a
ro.product.cpu.abilist=armeabi-v7a,armeabi
ro.product.cpu.abilist32=armeabi-v7a,armeabi
ro.product.cpu.abilist64=
ro.product.name=omni_daisy
ro.product.brand=Xiaomi
ro.product.model=Mi A2 Lite
ro.product.device=daisy
ro.product.manufacturer=Xiaomi
ro.baseband=msm
ro.bootmode=unknown
ro.hardware=qcom
ro.revision=0
ro.services.whitelist.packagelist=com.google.android.gms
ro.bootimage.build.date=Mon May 17 15:40:13 BST 2021
ro.bootimage.build.date.utc=1621262663
ro.bootimage.build.date.utc_fox=1621262663
ro.orangefox.boot=1
ro.orangefox.build=orangefox
ro.orangefox.version=R11.1
ro.bootloader=MSM8953_DAISY2.0_20210630163634
ro.debuggable=1
ro.modversion=OmniROM-9-20210517-daisy-HOMEMADE
ro.setupwizard.enterprise_mode=1
ro.property_service.version=2
ro.control_privapp_permissions=enforce
ro.actionable_compatible_property.enabled=false
init.svc.adbd=running
init.svc.logd=running
init.svc.ueventd=running
init.svc.recovery=running
init.svc.prepdecrypt=stopped
init.svc.sbinqseecomd=running
init.svc.keymaster-3-0=running
init.svc.gatekeeper-1-0=running
init.svc.servicemanager=running
init.svc.set_permissive=stopped
init.svc.hwservicemanager=running
crypto.ready=1
recovery.perf.mode=0
orangefox.rom.sdk=30
orangefox.miui.rom=0
orangefox.super.partition=false
orangefox.system.mount_point=/system_root
orangefox.system.block_device=/dev/block/bootdevice/by-name/system_b
orangefox.vendor.mount_point=/vendor
orangefox.vendor.block_device=/dev/block/bootdevice/by-name/vendor_b
orangefox.postinit.status=1
orangefox.realtreble.rom=0
orangefox.crash_counter=0
orangefox.action_complete=0
sys.usb.ffs.ready=1
ro.build.fingerprint=google/coral/coral:12/SQ1A.211205.008/7888514:user/release-keys
hwservicemanager.ready=true
ro.persistent_properties.ready=true
ro.boot.serialno=03bb882f0405
ro.serialno=03bb882f0405
service.adb.root=1
net.bt.name=Android
net.tethering.noprovisioning=true
sys.usb.state=adb
sys.usb.controller=7000000.dwc3
persist.sys.usb.config=adb
persist.sys.dalvik.vm.lib.2=libart.so
persist.sys.disable_rescue=true
sys.usb.config=adb
sys.usb.configfs=0
ro.hardware.bootctrl=msm8953
ro.hardware.keystore=msm8953
vendor.sys.listeners.registered=true
vendor.usb.controller=7000000.dwc3
ro.crypto.type=file
ro.crypto.state=encrypted

I:Is encrypted, do decrypt page first
I:Switching packages (OrangeFox)
I:Set page: 'decrypt'
I:Set page: 'decrypt_pattern'
I:Set page: 'trydecrypt'
I:operation_start: 'Decrypt'
I:Decrypting FBE for user 0
Using synthetic password method
Handle is '5c88afc0f382bd1c'
Using synthetic password method
Handle is '5c88afc0f382bd1c'
using secdis
keystoreid matched handle_sub: '5c88afc0f382bd1c'
copying '/data/misc/keystore/user_0/.1000_chr_USRPKEY_synthetic_password_5c88afc0f382bd1c' to '/tmp/misc/keystore/user_0/.0_chr_USRPKEY_synthetic_password_5c88afc0f382bd1c'
copying '/data/misc/keystore/user_0/10288_USRPKEY__androidx_security_master_key_' to '/tmp/misc/keystore/user_0/10288_USRPKEY__androidx_security_master_key_'
copying '/data/misc/keystore/user_0/10282_USRCERT_verifiable_credential_signing_key_7d8f1e32+]9134+]4c45+]b611+]4c9e38c79a68' to '/tmp/misc/keystore/user_0/10282_USRCERT_verifiable_credential_signing_key_7d8f1e32+]9134+]4c45+]b611+]4c9e38c79a68'
copying '/data/misc/keystore/user_0/10281_USRPKEY_gmphn_pkey' to '/tmp/misc/keystore/user_0/10281_USRPKEY_gmphn_pkey'
copying '/data/misc/keystore/user_0/.10288_chr_USRPKEY__androidx_security_master_key_' to '/tmp/misc/keystore/user_0/.10288_chr_USRPKEY__androidx_security_master_key_'
copying '/data/misc/keystore/user_0/10282_USRPKEY_OGI+]TS43+]SubscriptionEncryptionKey' to '/tmp/misc/keystore/user_0/10282_USRPKEY_OGI+]TS43+]SubscriptionEncryptionKey'
copying '/data/misc/keystore/user_0/.10282_chr_USRPKEY_OGI+]TS43+]SubscriptionEncryptionKey' to '/tmp/misc/keystore/user_0/.10282_chr_USRPKEY_OGI+]TS43+]SubscriptionEncryptionKey'
copying '/data/misc/keystore/user_0/10287_CACERT_the_well_of_wishes_awaits_in_the_crypt_of_decay_static_092d92e5+]957f+]45b9+]90b4+]2a99af9ef95f' to '/tmp/misc/keystore/user_0/10287_CACERT_the_well_of_wishes_awaits_in_the_crypt_of_decay_static_092d92e5+]957f+]45b9+]90b4+]2a99af9ef95f'
copying '/data/misc/keystore/user_0/10287_USRCERT_the_well_of_wishes_awaits_in_the_crypt_of_decay_56cc3590+]daf6+]439b+]a1f2+]2e0e0b3ab2ed' to '/tmp/misc/keystore/user_0/10287_USRCERT_the_well_of_wishes_awaits_in_the_crypt_of_decay_56cc3590+]daf6+]439b+]a1f2+]2e0e0b3ab2ed'
copying '/data/misc/keystore/user_0/.masterkey' to '/tmp/misc/keystore/user_0/.masterkey'
copying '/data/misc/keystore/user_0/1000_USRPKEY_com+^android+^server+^locksettings+^recoverablekeystore+_platform+_0+_1000000+_encrypt' to '/tmp/misc/keystore/user_0/0_USRPKEY_com+^android+^server+^locksettings+^recoverablekeystore+_platform+_0+_1000000+_encrypt'
copying '/data/misc/keystore/user_0/.1000_chr_USRPKEY_com+^android+^server+^locksettings+^recoverablekeystore+_platform+_0+_1000000+_encrypt' to '/tmp/misc/keystore/user_0/.0_chr_USRPKEY_com+^android+^server+^locksettings+^recoverablekeystore+_platform+_0+_1000000+_encrypt'
copying '/data/misc/keystore/user_0/.10282_chr_USRPKEY_android_pay_recent_unlock_key_2' to '/tmp/misc/keystore/user_0/.10282_chr_USRPKEY_android_pay_recent_unlock_key_2'
copying '/data/misc/keystore/user_0/.10281_chr_USRPKEY_gmphn_model_key_5000001_14' to '/tmp/misc/keystore/user_0/.10281_chr_USRPKEY_gmphn_model_key_5000001_14'
copying '/data/misc/keystore/user_0/.10282_chr_USRPKEY_wear_device_access_token_key_jubairhossen441@gmail+^com' to '/tmp/misc/keystore/user_0/.10282_chr_USRPKEY_wear_device_access_token_key_jubairhossen441@gmail+^com'
copying '/data/misc/keystore/user_0/10282_USRCERT_verifiable_credential_signing_key_f220fcbe+]4c35+]425b+]a277+]6986cfc5c558' to '/tmp/misc/keystore/user_0/10282_USRCERT_verifiable_credential_signing_key_f220fcbe+]4c35+]425b+]a277+]6986cfc5c558'
copying '/data/misc/keystore/user_0/.10286_chr_USRPKEY_w6CmevIyM+_PL6Q5uUDw=' to '/tmp/misc/keystore/user_0/.10286_chr_USRPKEY_w6CmevIyM+_PL6Q5uUDw='
copying '/data/misc/keystore/user_0/.10282_chr_USRPKEY_mobstore_encrypt' to '/tmp/misc/keystore/user_0/.10282_chr_USRPKEY_mobstore_encrypt'
copying '/data/misc/keystore/user_0/10282_USRPKEY_verifiable_credential_signing_key_50b2305f+]7d5f+]4369+]ac59+]871108c2e5cf' to '/tmp/misc/keystore/user_0/10282_USRPKEY_verifiable_credential_signing_key_50b2305f+]7d5f+]4369+]ac59+]871108c2e5cf'
copying '/data/misc/keystore/user_0/10287_USRPKEY_aes_auth_key' to '/tmp/misc/keystore/user_0/10287_USRPKEY_aes_auth_key'
copying '/data/misc/keystore/user_0/10297_USRPKEY_cf_warp' to '/tmp/misc/keystore/user_0/10297_USRPKEY_cf_warp'
copying '/data/misc/keystore/user_0/.1000_chr_USRPKEY_com+^android+^server+^locksettings+^recoverablekeystore+_platform+_0+_1000000+_decrypt' to '/tmp/misc/keystore/user_0/.0_chr_USRPKEY_com+^android+^server+^locksettings+^recoverablekeystore+_platform+_0+_1000000+_decrypt'
copying '/data/misc/keystore/user_0/10281_USRPKEY_gmphn_model_key_8000001_109' to '/tmp/misc/keystore/user_0/10281_USRPKEY_gmphn_model_key_8000001_109'
copying '/data/misc/keystore/user_0/.10282_chr_USRPKEY_c5635988b7157a3a' to '/tmp/misc/keystore/user_0/.10282_chr_USRPKEY_c5635988b7157a3a'
copying '/data/misc/keystore/user_0/10286_USRCERT_w6CmevIyM+_PL6Q5uUDw=' to '/tmp/misc/keystore/user_0/10286_USRCERT_w6CmevIyM+_PL6Q5uUDw='
copying '/data/misc/keystore/user_0/10287_USRPKEY_the_well_of_wishes_awaits_in_the_crypt_of_decay_56cc3590+]daf6+]439b+]a1f2+]2e0e0b3ab2ed' to '/tmp/misc/keystore/user_0/10287_USRPKEY_the_well_of_wishes_awaits_in_the_crypt_of_decay_56cc3590+]daf6+]439b+]a1f2+]2e0e0b3ab2ed'
copying '/data/misc/keystore/user_0/1000_USRPKEY_com+^android+^server+^locksettings+^recoverablekeystore+_platform+_0+_1000000+_decrypt' to '/tmp/misc/keystore/user_0/0_USRPKEY_com+^android+^server+^locksettings+^recoverablekeystore+_platform+_0+_1000000+_decrypt'
copying '/data/misc/keystore/user_0/.10282_chr_USRPKEY_verifiable_credential_signing_key_7d8f1e32+]9134+]4c45+]b611+]4c9e38c79a68' to '/tmp/misc/keystore/user_0/.10282_chr_USRPKEY_verifiable_credential_signing_key_7d8f1e32+]9134+]4c45+]b611+]4c9e38c79a68'
copying '/data/misc/keystore/user_0/10288_USRPKEY_w6CmevIyM+_PL6Q5uUDw=' to '/tmp/misc/keystore/user_0/10288_USRPKEY_w6CmevIyM+_PL6Q5uUDw='
copying '/data/misc/keystore/user_0/10286_USRPKEY_w6CmevIyM+_PL6Q5uUDw=' to '/tmp/misc/keystore/user_0/10286_USRPKEY_w6CmevIyM+_PL6Q5uUDw='
copying '/data/misc/keystore/user_0/.10288_chr_USRPKEY_w6CmevIyM+_PL6Q5uUDw=' to '/tmp/misc/keystore/user_0/.10288_chr_USRPKEY_w6CmevIyM+_PL6Q5uUDw='
copying '/data/misc/keystore/user_0/.10281_chr_USRPKEY_gmphn_pkey' to '/tmp/misc/keystore/user_0/.10281_chr_USRPKEY_gmphn_pkey'
copying '/data/misc/keystore/user_0/10282_USRPKEY_google_pay_device_credential_unlock_key' to '/tmp/misc/keystore/user_0/10282_USRPKEY_google_pay_device_credential_unlock_key'
copying '/data/misc/keystore/user_0/.1000_chr_USRPKEY_com+^android+^server+^locksettings+^recoverablekeystore+_application+_0+_10282+_com+^google+^android+^gms+^auth+^folsom+_v1+_1789150919042+_c9cfd989+]da75+]42ff+]bcfb+]988679c047e5' to '/tmp/misc/keystore/user_0/.0_chr_USRPKEY_com+^android+^server+^locksettings+^recoverablekeystore+_application+_0+_10282+_com+^google+^android+^gms+^auth+^folsom+_v1+_1789150919042+_c9cfd989+]da75+]42ff+]bcfb+]988679c047e5'
copying '/data/misc/keystore/user_0/10282_USRPKEY_mobstore_encrypt' to '/tmp/misc/keystore/user_0/10282_USRPKEY_mobstore_encrypt'
copying '/data/misc/keystore/user_0/10282_USRPKEY_verifiable_credential_signing_key_f220fcbe+]4c35+]425b+]a277+]6986cfc5c558' to '/tmp/misc/keystore/user_0/10282_USRPKEY_verifiable_credential_signing_key_f220fcbe+]4c35+]425b+]a277+]6986cfc5c558'
copying '/data/misc/keystore/user_0/10282_USRPKEY_android_pay_recent_unlock_key_2' to '/tmp/misc/keystore/user_0/10282_USRPKEY_android_pay_recent_unlock_key_2'
copying '/data/misc/keystore/user_0/.10297_chr_USRPKEY_cf_warp' to '/tmp/misc/keystore/user_0/.10297_chr_USRPKEY_cf_warp'
copying '/data/misc/keystore/user_0/10286_CACERT_w6CmevIyM+_PL6Q5uUDw=' to '/tmp/misc/keystore/user_0/10286_CACERT_w6CmevIyM+_PL6Q5uUDw='
copying '/data/misc/keystore/user_0/10282_USRPKEY_auth_folsom:local_encryption:08dd85b3+]c2bb+]4a54+]8a60+]2b81cb054dba' to '/tmp/misc/keystore/user_0/10282_USRPKEY_auth_folsom:local_encryption:08dd85b3+]c2bb+]4a54+]8a60+]2b81cb054dba'
copying '/data/misc/keystore/user_0/.10282_chr_USRPKEY_auth_folsom:local_encryption:08dd85b3+]c2bb+]4a54+]8a60+]2b81cb054dba' to '/tmp/misc/keystore/user_0/.10282_chr_USRPKEY_auth_folsom:local_encryption:08dd85b3+]c2bb+]4a54+]8a60+]2b81cb054dba'
copying '/data/misc/keystore/user_0/10287_USRCERT_the_well_of_wishes_awaits_in_the_crypt_of_decay_static_092d92e5+]957f+]45b9+]90b4+]2a99af9ef95f' to '/tmp/misc/keystore/user_0/10287_USRCERT_the_well_of_wishes_awaits_in_the_crypt_of_decay_static_092d92e5+]957f+]45b9+]90b4+]2a99af9ef95f'
copying '/data/misc/keystore/user_0/.10282_chr_USRPKEY__androidx_security_master_key_' to '/tmp/misc/keystore/user_0/.10282_chr_USRPKEY__androidx_security_master_key_'
copying '/data/misc/keystore/user_0/10282_USRPKEY_wear_device_access_token_key_jubairhossen441@gmail+^com' to '/tmp/misc/keystore/user_0/10282_USRPKEY_wear_device_access_token_key_jubairhossen441@gmail+^com'
copying '/data/misc/keystore/user_0/.10282_chr_USRPKEY_verifiable_credential_signing_key_f220fcbe+]4c35+]425b+]a277+]6986cfc5c558' to '/tmp/misc/keystore/user_0/.10282_chr_USRPKEY_verifiable_credential_signing_key_f220fcbe+]4c35+]425b+]a277+]6986cfc5c558'
copying '/data/misc/keystore/user_0/.10281_chr_USRPKEY_gmphn_model_key_8000001_109' to '/tmp/misc/keystore/user_0/.10281_chr_USRPKEY_gmphn_model_key_8000001_109'
copying '/data/misc/keystore/user_0/10282_USRCERT_c5635988b7157a3a' to '/tmp/misc/keystore/user_0/10282_USRCERT_c5635988b7157a3a'
copying '/data/misc/keystore/user_0/1000_USRPKEY_synthetic_password_5c88afc0f382bd1c' to '/tmp/misc/keystore/user_0/0_USRPKEY_synthetic_password_5c88afc0f382bd1c'
copying '/data/misc/keystore/user_0/10288_USRCERT_w6CmevIyM+_PL6Q5uUDw=' to '/tmp/misc/keystore/user_0/10288_USRCERT_w6CmevIyM+_PL6Q5uUDw='
copying '/data/misc/keystore/user_0/.10282_chr_USRPKEY_google_pay_device_credential_unlock_key' to '/tmp/misc/keystore/user_0/.10282_chr_USRPKEY_google_pay_device_credential_unlock_key'
copying '/data/misc/keystore/user_0/.10287_chr_USRPKEY_aes_auth_key' to '/tmp/misc/keystore/user_0/.10287_chr_USRPKEY_aes_auth_key'
copying '/data/misc/keystore/user_0/.10299_chr_USRPKEY__androidx_security_master_key_' to '/tmp/misc/keystore/user_0/.10299_chr_USRPKEY__androidx_security_master_key_'
copying '/data/misc/keystore/user_0/1010_USRPKEY_MacRandSecret' to '/tmp/misc/keystore/user_0/1010_USRPKEY_MacRandSecret'
copying '/data/misc/keystore/user_0/10287_CACERT_the_well_of_wishes_awaits_in_the_crypt_of_decay_56cc3590+]daf6+]439b+]a1f2+]2e0e0b3ab2ed' to '/tmp/misc/keystore/user_0/10287_CACERT_the_well_of_wishes_awaits_in_the_crypt_of_decay_56cc3590+]daf6+]439b+]a1f2+]2e0e0b3ab2ed'
copying '/data/misc/keystore/user_0/10282_USRPKEY__androidx_security_master_key_' to '/tmp/misc/keystore/user_0/10282_USRPKEY__androidx_security_master_key_'
copying '/data/misc/keystore/user_0/10288_CACERT_w6CmevIyM+_PL6Q5uUDw=' to '/tmp/misc/keystore/user_0/10288_CACERT_w6CmevIyM+_PL6Q5uUDw='
copying '/data/misc/keystore/user_0/.10287_chr_USRPKEY_the_well_of_wishes_awaits_in_the_crypt_of_decay_static_092d92e5+]957f+]45b9+]90b4+]2a99af9ef95f' to '/tmp/misc/keystore/user_0/.10287_chr_USRPKEY_the_well_of_wishes_awaits_in_the_crypt_of_decay_static_092d92e5+]957f+]45b9+]90b4+]2a99af9ef95f'
copying '/data/misc/keystore/user_0/10282_USRPKEY_verifiable_credential_signing_key_7d8f1e32+]9134+]4c45+]b611+]4c9e38c79a68' to '/tmp/misc/keystore/user_0/10282_USRPKEY_verifiable_credential_signing_key_7d8f1e32+]9134+]4c45+]b611+]4c9e38c79a68'
copying '/data/misc/keystore/user_0/10282_USRCERT_wear_device_access_token_key_jubairhossen441@gmail+^com' to '/tmp/misc/keystore/user_0/10282_USRCERT_wear_device_access_token_key_jubairhossen441@gmail+^com'
copying '/data/misc/keystore/user_0/.10287_chr_USRPKEY_the_well_of_wishes_awaits_in_the_crypt_of_decay_56cc3590+]daf6+]439b+]a1f2+]2e0e0b3ab2ed' to '/tmp/misc/keystore/user_0/.10287_chr_USRPKEY_the_well_of_wishes_awaits_in_the_crypt_of_decay_56cc3590+]daf6+]439b+]a1f2+]2e0e0b3ab2ed'
Starting keystore...
Starting keystore_auth service...
spblob v2 / v3
Stopping keystore...
e4crypt_unlock_user_key 0 serial=0 token_present=0
Skipping non-key .
Skipping non-key ..
Trying user CE key /data/misc/vold/user_keys/ce/0/current
Successfully retrieved key
Determining wrapped-key support for /data
fbe.data.wrappedkey = false
Determining wrapped-key support for /data
fbe.data.wrappedkey = false
Added key 947116055 (ext4:2fa21013c487966d) to keyring 475814497 in process 399
Added key 253643844 (f2fs:2fa21013c487966d) to keyring 475814497 in process 399
Added key 263308700 (fscrypt:2fa21013c487966d) to keyring 475814497 in process 399
Installed ce key for user 0
e4crypt_prepare_user_storage for volume null, user 0, serial 0, flags 1
Preparing: /data/system/users/0
Preparing: /data/misc/profiles/cur/0
Preparing: /data/system_de/0
Preparing: /data/misc_de/0
Preparing: /data/vendor_de/0
Preparing: /data/user_de/0
contents mode 'aes-256-xts' filenames 'aes-256-heh'
not actually forking for vold_prepare_subdirs
Decrypted Successfully!
Data successfully decrypted
I:Backup folder set to '/data/media/0/Fox/BACKUPS/03bb882f0405'
Updating partition details...
I:Process ended with no errors.
I:Data backup size is 5023MB, free: 16638MB.
I:Unable to mount '/storage'
I:Actual block device: '/data/media/0', current file system: 'ext4'
I:Unable to mount '/usb_otg'
I:Actual block device: '', current file system: 'auto'
...done
I:Process ended with no errors.
/data | /dev/block/bootdevice/by-name/userdata | Size: 21935MB Used: 5023MB Free: 16638MB Backup Size: 5023MB
   Flags: Can_Be_Mounted Can_Be_Wiped Can_Be_Backed_Up Wipe_During_Factory_Reset Wipe_Available_in_GUI IsPresent Can_Be_Encrypted Is_Encrypted Is_Decrypted Has_Data_Media Can_Encrypt_Backup Use_Userdata_Encryption Is_Storage Is_Settings_Storage 
   Symlink_Path: /data/media/0
   Symlink_Mount_Point: /sdcard
   Primary_Block_Device: /dev/block/bootdevice/by-name/userdata
   Display_Name: Data
   Storage_Name: Internal Storage
   Backup_Path: /data
   Backup_Name: data
   Backup_Display_Name: Data
   Storage_Path: /data/media/0
   Current_File_System: ext4
   Fstab_File_System: ext4
   Backup_Method: files
   MTP_Storage_ID: 65537

I:Unmounting main partitions...
tw_get_context got selinux context: u:object_r:media_rw_data_file:s0
I:Got default contexts and file mode for storage files.
I:Decrypt adopted storage starting
I:PageManager::LoadFileToBuffer loading filename: '/data/system/storage.xml' directly
I:successfully loaded storage.xml
I:operation_end - status=0
I:Set page: 'main'
I:Set overlay: ''
I:Set page: 'clear_vars'
I:Set page: 'navbar'
I:Set page: 'filemanagerlist'
SELinux contexts loaded from /file_contexts
Full SELinux support is present.
I:Switching packages (OrangeFox)
I:Copied file /data/recovery/log.gz to /data/recovery/last_log.gz
I:Attempt to load settings from settings file...
I:InfoManager loading from '/data/media/0/Fox/.foxs'.
I:Backup folder set to '/data/media/0/Fox/BACKUPS/03bb882f0405'
I:Copied file /etc/recovery.fstab to /data/recovery/recovery.fstab
I:Version number saved to '/data/recovery/.version'
I:Unable to mount '/usb_otg'
I:Actual block device: '', current file system: 'auto'
I:TWFunc::Set_Brightness: Setting brightness control to 100
I:PassBak: Loaded backup
I:PageManager::LoadFileToBuffer loading filename: '/twres/languages/en.xml' directly
parsing languageFile
parsing languageFile done
I:Translating partition display names
I:Backup folder set to '/data/media/0/Fox/BACKUPS/03bb882f0405'
--------------------------
Welcome to OrangeFox Recovery!
[Release]   : R11.1
[Codebase]  : 2021-05-14 (95201449)
[Build type]: Stable
I: [MIUI-specific features not enabled]
--------------------------
I:DEBUG: OrangeFox: the startup script has been executed.
* Storage is encrypted
* Display: otm1911 fhdplus video mode dsi panel
* Device:  daisy
* Custom ROM (Treble)* RQ3A.211001.001 release-keys
* (eng.link.20211219.105917)
* Fingerprint: google/coral/coral:12/SQ1A.211205.008/7888514:user/release-keys
--------------------------
I:ROM Status: RQ3A.211001.001 release-keys
I:PassBak: Loaded backup
I:Switching packages (OrangeFox)
I:Set page: 'main'
I:Set overlay: ''
I:Starting Adb Backup FIFO
I:Set page: 'clear_vars'
I:Set page: 'navbar'
I:Set page: 'filemanagerlist'
I:Set page: 'advanced'
I:Set page: 'confirm_action'
I:Set page: 'action_page'
I:operation_start: 'Copy Log'
I:Copied file /tmp/recovery.log to /data/media/0/recovery.log
Copied kernel log to /data/media/0/dmesg.log
Copied recovery log to /data/media/0/recovery.log.
I:Set overlay: ''
I:Set page: 'action_complete'
I:operation_end - status=0
I:Set page: 'clear_vars'
I:Set page: 'advanced'
I:Set page: 'filemanagerlist'
I:TWFunc::Set_Brightness: Setting brightness control to 5
I:TWFunc::Set_Brightness: Setting brightness control to 0
I:TWFunc::Set_Brightness: Setting brightness control to 100
I:Set overlay: ''
I:Set overlay: 'console'
I:Set overlay: ''
I:Set page: 'advanced'
adbd
I:Command 'xset fox_adb=1' received
I:Set page: 'sideload'
I:Set page: 'action_page'
I:operation_start: 'Sideload'
Starting ADB sideload feature...
Stopping adbd...
I:Setting active slot B
RECOVERY_SDCARD_ON_DATA := true
TW_NO_USB_STORAGE := true
TW_INCLUDE_CRYPTO := true
I:TW_BRIGHTNESS_PATH := /sys/class/leds/lcd-backlight/brightness
I:Found brightness file at '/sys/class/leds/lcd-backlight/brightness'
I:TWFunc::Set_Brightness: Setting brightness control to 100
I:LANG: en
I:AB_OTA_UPDATER := true
sideload-host file size 15299984 block size 65536
Installing ZIP file '/sideload/package.zip'
unknown fuse request opcode 2016
I:Recreating the /cache/recovery/ folder ...
I:Update binary zip
Bypassing Treble compatibility check ...
Detecting Current Package
I:Zip does not contain SELinux file_contexts file in its root.
I:Legacy property environment not used in updater.
****************************
****************************
 FolkPatch Recovery Installer
 FolkPatch Recovery Installer
 v5.0 (KP-0.13.8) DEBUG
 v5.0 (KP-0.13.8) DEBUG
 OUTFD=47 ZIP=/sideload/package.zip
 OUTFD=47 ZIP=/sideload/package.zip
 DBG=/tmp/fp_debug.log
 DBG=/tmp/fp_debug.log
****************************
****************************
- TMPDIR=/tmp
- args: 1=3 2=47 3=/sideload/package.zip 0=/tmp/updater
- TMPDIR=/tmp
- args: 1=3 2=47 3=/sideload/package.zip 0=/tmp/updater
- ls ZIP rc=0
- ls ZIP rc=0
- installer dir: /tmp/fp_install err=0
- extracting busybox ...
- installer dir: /tmp/fp_install err=0
- extracting busybox ...
unknown fuse request opcode 2016
- unzip busybox rc=0
- unzip busybox rc=0
- busybox ready: /tmp/busybox
- busybox ready: /tmp/busybox
- extracting payload ...
- extracting payload ...
unknown fuse request opcode 2016
- unzip payload rc=0
- retry with busybox unzip
- unzip payload rc=0
- retry with busybox unzip
unknown fuse request opcode 2016
- bb unzip rc=0
- bb unzip rc=0
- lower ZIP: /sideload/package.zip
- lower ZIP: /sideload/package.zip
- launching: /tmp/fp_install/assets/InstallFP.sh
- DBG log at: /tmp/fp_debug.log (will survive on /tmp)
- launching: /tmp/fp_install/assets/InstallFP.sh
- DBG log at: /tmp/fp_debug.log (will survive on /tmp)
****************************
 FolkPatch Recovery Installer
 v10.0 / KP-0.13.8
 Universal boot-only patcher
****************************
****************************
 FolkPatch Recovery Installer
 v10.0 / KP-0.13.8
 Universal boot-only patcher
****************************
- CPU: arm64-v8a
- CPU: arm64-v8a
- A/B slot: _b
- A/B slot: _b
- Target: boot (/dev/block/by-name/boot_b)
- Target: boot (/dev/block/by-name/boot_b)
- Reusing saved superkey from /data/media/FolkPatch-key.txt
- Reusing saved superkey from /data/media/FolkPatch-key.txt
- Backup dir: /sdcard/FolkPatch-Backup
- Backup dir: /sdcard/FolkPatch-Backup
- Reading boot partition ...
- Reading boot partition ...
- Unpacking boot image ...
- Unpacking boot image ...
- Kernel: CONFIG_KALLSYMS=y OK
- Kernel: CONFIG_KALLSYMS=y OK
- NOTE: kernel already patched; re-patching with same key
- Keeping existing stock backup
- NOTE: kernel already patched; re-patching with same key
- Keeping existing stock backup
- Stock backup saved
- Stock backup saved
- Patching kernel ...
- Patching kernel ...
- Kernel patched OK (patched=true)
- Kernel patched OK (patched=true)
- ERROR: root_superkey is ZEROED - kernel will have no root. Send log to developer!
- Installation aborted.
- ERROR: root_superkey is ZEROED - kernel will have no root. Send log to developer!
- Installation aborted.
Updater process ended with ERROR: 1
I:Signaling child sideload process to exit.
I:Waiting for child sideload process to exit.
sideload_host finished
I:Set overlay: ''
I:Set page: 'action_complete'
I:operation_end - status=1
I:Set page: 'clear_vars'
I:Set page: 'advanced'
I:Set page: 'filemanagerlist'
I:Set page: 'filemanagerlist'
I:TWFunc::Set_Brightness: Setting brightness control to 5
I:TWFunc::Set_Brightness: Setting brightness control to 0
I:TWFunc::Set_Brightness: Setting brightness control to 100
I:Set overlay: ''
I:Set overlay: 'console'
I:Set overlay: ''
I:Set page: 'files_redirect'
I:Set page: 'filemanageroptions'
I:Set page: 'filemanagerlist'
I:Set page: 'file_quick_actions_dark'
I:Set page: 'filemanagerlist'
I:TWFunc::Set_Brightness: Setting brightness control to 5
I:TWFunc::Set_Brightness: Setting brightness control to 0
I:TWFunc::Set_Brightness: Setting brightness control to 100
I:Set overlay: ''
I:Set page: 'advanced'
adbd
I:Command 'xset fox_adb=1' received
I:Set page: 'sideload'
I:Set page: 'action_page'
I:operation_start: 'Sideload'
Starting ADB sideload feature...
Stopping adbd...
I:Setting active slot B
RECOVERY_SDCARD_ON_DATA := true
TW_NO_USB_STORAGE := true
TW_INCLUDE_CRYPTO := true
I:TW_BRIGHTNESS_PATH := /sys/class/leds/lcd-backlight/brightness
I:Found brightness file at '/sys/class/leds/lcd-backlight/brightness'
I:TWFunc::Set_Brightness: Setting brightness control to 100
I:LANG: en
I:AB_OTA_UPDATER := true
sideload-host file size 15299984 block size 65536
Installing ZIP file '/sideload/package.zip'
unknown fuse request opcode 2016
I:Update binary zip
Bypassing Treble compatibility check ...
Detecting Current Package
I:Zip does not contain SELinux file_contexts file in its root.
I:Legacy property environment not used in updater.
****************************
****************************
 FolkPatch Recovery Installer
 FolkPatch Recovery Installer
 v5.0 (KP-0.13.8) DEBUG
 v5.0 (KP-0.13.8) DEBUG
 OUTFD=47 ZIP=/sideload/package.zip
 OUTFD=47 ZIP=/sideload/package.zip
 DBG=/tmp/fp_debug.log
 DBG=/tmp/fp_debug.log
****************************
****************************
- TMPDIR=/tmp
- args: 1=3 2=47 3=/sideload/package.zip 0=/tmp/updater
- TMPDIR=/tmp
- args: 1=3 2=47 3=/sideload/package.zip 0=/tmp/updater
- ls ZIP rc=0
- ls ZIP rc=0
- installer dir: /tmp/fp_install err=0
- extracting busybox ...
- installer dir: /tmp/fp_install err=0
- extracting busybox ...
unknown fuse request opcode 2016
- unzip busybox rc=0
- unzip busybox rc=0
- busybox ready: /tmp/busybox
- busybox ready: /tmp/busybox
- extracting payload ...
- extracting payload ...
unknown fuse request opcode 2016
- unzip payload rc=0
- unzip payload rc=0
- retry with busybox unzip
- retry with busybox unzip
unknown fuse request opcode 2016
- bb unzip rc=0
- bb unzip rc=0
- lower ZIP: /sideload/package.zip
- launching: /tmp/fp_install/assets/InstallFP.sh
- DBG log at: /tmp/fp_debug.log (will survive on /tmp)
- lower ZIP: /sideload/package.zip
- launching: /tmp/fp_install/assets/InstallFP.sh
- DBG log at: /tmp/fp_debug.log (will survive on /tmp)
****************************
 FolkPatch Recovery Installer
 v10.0 / KP-0.13.8
 Universal boot-only patcher
****************************
****************************
 FolkPatch Recovery Installer
 v10.0 / KP-0.13.8
 Universal boot-only patcher
****************************
- CPU: arm64-v8a
- CPU: arm64-v8a
- A/B slot: _b
- A/B slot: _b
- Target: boot (/dev/block/by-name/boot_b)
- Target: boot (/dev/block/by-name/boot_b)
- Reusing saved superkey from /sdcard/FolkPatch-key.txt
- Reusing saved superkey from /sdcard/FolkPatch-key.txt
- Backup dir: /sdcard/FolkPatch-Backup
- Backup dir: /sdcard/FolkPatch-Backup
- Reading boot partition ...
- Reading boot partition ...
- Unpacking boot image ...
- Unpacking boot image ...
- Kernel: CONFIG_KALLSYMS=y OK
- Kernel: CONFIG_KALLSYMS=y OK
- NOTE: kernel already patched; re-patching with same key
- Keeping existing stock backup
- NOTE: kernel already patched; re-patching with same key
- Keeping existing stock backup
- Stock backup saved
- Stock backup saved
- Patching kernel ...
- Patching kernel ...
- Kernel patched OK (patched=true)
- Kernel patched OK (patched=true)
- ERROR: root_superkey is ZEROED - kernel will have no root. Send log to developer!
- Installation aborted.
- ERROR: root_superkey is ZEROED - kernel will have no root. Send log to developer!
- Installation aborted.
Updater process ended with ERROR: 1
I:Signaling child sideload process to exit.
I:Waiting for child sideload process to exit.
sideload_host finished
I:Set overlay: ''
I:Set page: 'action_complete'
I:operation_end - status=1
